02-08 13:05:48.691  1553  4334 I TetherStatsReporting:   [4] iface=wlan0 uid=10009 set=DEFAULT tag=0x0 roaming=NO rxBytes=6443 rxPackets=23 txBytes=4400 txPackets=36 operations=0
02-08 13:05:48.691  1553  4334 I TetherStatsReporting:   [5] iface=wlan0 uid=10009 set=FOREGROUND tag=0x0 roaming=NO rxBytes=0 rxPackets=0 txBytes=0 txPackets=0 operations=0
02-08 13:05:48.691  1553  4334 I TetherStatsReporting:   [6] iface=wlan0 uid=10023 set=DEFAULT tag=0x0 roaming=NO rxBytes=0 rxPackets=0 txBytes=120 txPackets=3 operations=0
02-08 13:05:48.691  1553  4334 I TetherStatsReporting:   [7] iface=wlan0 uid=10023 set=FOREGROUND tag=0x0 roaming=NO rxBytes=0 rxPackets=0 txBytes=0 txPackets=0 operations=0
02-08 13:05:48.691  1553  4334 I TetherStatsReporting:   [8] iface=wlan0 uid=10028 set=DEFAULT tag=0x0 roaming=NO rxBytes=1669867 rxPackets=12123 txBytes=337253 txPackets=1306 operations=0
02-08 13:05:48.691  1553  4334 I TetherStatsReporting:   [9] iface=wlan0 uid=10028 set=FOREGROUND tag=0x0 roaming=NO rxBytes=965993 rxPackets=5359 txBytes=63912 txPackets=714 operations=0
02-08 13:05:48.691  1553  4334 I TetherStatsReporting:   [10] iface=wlan0 uid=10037 set=DEFAULT tag=0x0 roaming=NO rxBytes=0 rxPackets=0 txBytes=0 txPackets=0 operations=0
02-08 13:05:48.691  1553  4334 I TetherStatsReporting:   [11] iface=wlan0 uid=10037 set=FOREGROUND tag=0x0 roaming=NO rxBytes=17734 rxPackets=49 txBytes=7306 txPackets=68 operations=0
02-08 13:05:48.691  1553  4334 I TetherStatsReporting:   [12] iface=wlan0 uid=10048 set=DEFAULT tag=0x0 roaming=NO rxBytes=67758 rxPackets=124 txBytes=30740 txPackets=161 operations=0
02-08 13:05:48.691  1553  4334 I TetherStatsReporting:   [13] iface=wlan0 uid=10048 set=FOREGROUND tag=0x0 roaming=NO rxBytes=0 rxPackets=0 txBytes=0 txPackets=0 operations=0
02-08 13:05:48.691  1553  4334 I TetherStatsReporting:   [14] iface=wlan0 uid=10060 set=DEFAULT tag=0x0 roaming=NO rxBytes=46183 rxPackets=73 txBytes=30439 txPackets=81 operations=0
02-08 13:05:48.691  1553  4334 I TetherStatsReporting:   [15] iface=wlan0 uid=10060 set=FOREGROUND tag=0x0 roaming=NO rxBytes=181414 rxPackets=226 txBytes=252002 txPackets=426 operations=0
02-08 13:05:48.691  1553  4334 I TetherStatsReporting:   [16] iface=wlan0 uid=10069 set=DEFAULT tag=0x0 roaming=NO rxBytes=0 rxPackets=0 txBytes=80 txPackets=2 operations=0
02-08 13:05:48.691  1553  4334 I TetherStatsReporting:   [17] iface=wlan0 uid=10069 set=FOREGROUND tag=0x0 roaming=NO rxBytes=50151 rxPackets=76 txBytes=9431 txPackets=90 operations=0
02-08 13:05:48.691  1553  4334 I TetherStatsReporting:   [18] iface=wlan0 uid=10071 set=DEFAULT tag=0x0 roaming=NO rxBytes=5789 rxPackets=22 txBytes=15452 txPackets=68 operations=0
02-08 13:05:48.691  1553  4334 I TetherStatsReporting:   [19] iface=wlan0 uid=10071 set=FOREGROUND tag=0x0 roaming=NO rxBytes=1756161 rxPackets=1606 txBytes=214700 txPackets=1178 operations=0
02-08 13:05:48.691  1553  4334 I TetherStatsReporting:   [20] iface=wlan0 uid=10081 set=DEFAULT tag=0x0 roaming=NO rxBytes=7741 rxPackets=22 txBytes=2911 txPackets=24 operations=0
02-08 13:05:48.691  1553  4334 I TetherStatsReporting:   [21] iface=wlan0 uid=10081 set=FOREGROUND tag=0x0 roaming=NO rxBytes=0 rxPackets=0 txBytes=0 txPackets=0 operations=0
02-08 13:05:48.691  1553  4334 I TetherStatsReporting:   [22] iface=wlan0 uid=10087 set=DEFAULT tag=0x0 roaming=NO rxBytes=9638 rxPackets=21 txBytes=2501 txPackets=30 operations=0
02-08 13:05:48.691  1553  4334 I TetherStatsReporting:   [23] iface=wlan0 uid=10087 set=FOREGROUND tag=0x0 roaming=NO rxBytes=0 rxPackets=0 txBytes=0 txPackets=0 operations=0
02-08 13:05:48.691  1553  4334 I TetherStatsReporting:   [24] iface=wlan0 uid=10092 set=DEFAULT tag=0x0 roaming=NO rxBytes=15426 rxPackets=56 txBytes=6162 txPackets=65 operations=0
02-08 13:05:48.691  1553  4334 I TetherStatsReporting:   [25] iface=wlan0 uid=10092 set=FOREGROUND tag=0x0 roaming=NO rxBytes=0 rxPackets=0 txBytes=0 txPackets=0 operations=0
02-08 13:05:48.691  1553  4334 I TetherStatsReporting:   [26] iface=wlan0 uid=10096 set=DEFAULT tag=0x0 roaming=NO rxBytes=10259 rxPackets=18 txBytes=3291 txPackets=23 operations=0
02-08 13:05:48.691  1553  4334 I TetherStatsReporting:   [27] iface=wlan0 uid=10096 set=FOREGROUND tag=0x0 roaming=NO rxBytes=0 rxPackets=0 txBytes=0 txPackets=0 operations=0
02-08 13:05:48.691  1553  4334 I TetherStatsReporting:   [28] iface=wlan0 uid=10105 set=DEFAULT tag=0x0 roaming=NO rxBytes=57401 rxPackets=252 txBytes=32504 txPackets=270 operations=0
02-08 13:05:48.691  1553  4334 I TetherStatsReporting:   [29] iface=wlan0 uid=10105 set=FOREGROUND tag=0x0 roaming=NO rxBytes=95 rxPackets=1 txBytes=40 txPackets=1 operations=0
02-08 13:05:48.691  1553  4334 I TetherStatsReporting:   [30] iface=wlan0 uid=10111 set=DEFAULT tag=0x0 roaming=NO rxBytes=23528 rxPackets=91 txBytes=21544 txPackets=144 operations=0
02-08 13:05:48.691  1553  4334 I TetherStatsReporting:   [31] iface=wlan0 uid=10111 set=FOREGROUND tag=0x0 roaming=NO rxBytes=81892363 rxPackets=60892 txBytes=2447759 txPacket
02-08 13:05:48.691  1553  4334 I TetherStatsReporting: combining tether stats
02-08 13:05:48.692  5268  7401 D QtiTetherService/IpaWrapper: getStats(false)
02-08 13:05:50.373 29481 30290 D OkHttp  : <-- 200 OK http://rocuat.tmf.co.in/CustOne_Case_Webservice?op=CreateCase_CustOne (1738ms)
02-08 13:05:50.374 29481 30290 D OkHttp  : Date: Wed, 08 Feb 2017 07:35:20 GMT
02-08 13:05:50.374 29481 30290 D OkHttp  : Server: Microsoft-IIS/7.5
02-08 13:05:50.374 29481 30290 D OkHttp  : Cache-Control: private, max-age=0
02-08 13:05:50.374 29481 30290 D OkHttp  : Content-Type: application/soap+xml; charset=utf-8
02-08 13:05:50.374 29481 30290 D OkHttp  : X-AspNet-Version: 2.0.50727
02-08 13:05:50.374 29481 30290 D OkHttp  : X-Powered-By: ASP.NET
02-08 13:05:50.374 29481 30290 D OkHttp  : Vary: Accept-Encoding
02-08 13:05:50.374 29481 30290 D OkHttp  : Keep-Alive: timeout=5, max=100
02-08 13:05:50.374 29481 30290 D OkHttp  : Connection: Keep-Alive
02-08 13:05:50.376 29481 30290 D OkHttp  : <?xml version="1.0" encoding="utf-8"?><soap:Envelope xmlns:soap="http://www.w3.org/2003/05/soap-envelope" xmlns:xsi="http://www.w3.org/2001/XMLSchema-instance" xmlns:xsd="http://www.w3.org/2001/XMLSchema"><soap:Body><CreateCase_CustOneResponse xmlns="http://tempuri.org/"><CreateCase_CustOneResult>&lt;case&gt;&lt;caseId&gt;1804519&lt;/caseId&gt;&lt;Result&gt;0&lt;/Result&gt;&lt;Message&gt;Error while uploading attachments&lt;/Message&gt;&lt;/case&gt;</CreateCase_CustOneResult></CreateCase_CustOneResponse></soap:Body></soap:Envelope>
02-08 13:05:50.377 29481 30290 D OkHttp  : <-- END HTTP (537-byte body)
02-08 13:05:50.397 29481 29481 D success : <case><caseId>1804519</caseId><Result>0</Result><Message>Error while uploading attachments</Message></case>
02-08 13:05:53.431   645   645 I cnss-daemon: RTM_NEWNEIGH message received: 28
02-08 13:05:53.431   645   645 I cnss-daemon: NDA_DST received: 10.0.10.1 ul: 17432586
02-08 13:05:53.431   645   645 I cnss-daemon: NDA_LLADDR received
02-08 13:05:54.743   866   866 I MSM-irqbalance: Decided to move IRQ65 from CPU5 to CPU4
02-08 13:05:56.768 30042 30083 I Finsky  : [1817] com.google.android.finsky.d.e.run(1151): Replicating app states via AMAS.
02-08 13:05:57.125  5206  5569 E Auth    : [GoogleAccountDataServiceImpl] getToken() -> BAD_AUTHENTICATION. Account: <ELLIDED:-419824213>, App: com.android.vending, Service: androidsecure
02-08 13:05:57.125  5206  5569 E Auth    : dyp: Long live credential not available.
02-08 13:05:57.125  5206  5569 E Auth    : 	at dyq.b(:com.google.android.gms:3117)
02-08 13:05:57.125  5206  5569 E Auth    : 	at dyq.a(:com.google.android.gms:121)
02-08 13:05:57.125  5206  5569 E Auth    : 	at dww.a(:com.google.android.gms:451)
02-08 13:05:57.125  5206  5569 E Auth    : 	at dwv.a(:com.google.android.gms:31423)
02-08 13:05:57.125  5206  5569 E Auth    : 	at dwv.a(:com.google.android.gms:313)
02-08 13:05:57.125  5206  5569 E Auth    : 	at fcg.a(:com.google.android.gms:1200)
02-08 13:05:57.125  5206  5569 E Auth    : 	at fcf.a(:com.google.android.gms:569)
02-08 13:05:57.125  5206  5569 E Auth    : 	at fcf.a(:com.google.android.gms:195)
02-08 13:05:57.125  5206  5569 E Auth    : 	at dte.a(:com.google.android.gms:383)
02-08 13:05:57.125  5206  5569 E Auth    : 	at dte.a(:com.google.android.gms:232)
02-08 13:05:57.125  5206  5569 E Auth    : 	at dtn.a(:com.google.android.gms:1508)
02-08 13:05:57.125  5206  5569 E Auth    : 	at dtm.a(:com.google.android.gms:936)
02-08 13:05:57.125  5206  5569 E Auth    : 	at dtm.e(:com.google.android.gms:533)
02-08 13:05:57.125  5206  5569 E Auth    : 	at dtl.a(:com.google.android.gms:37)
02-08 13:05:57.125  5206  5569 E Auth    : 	at dvd.getAuthToken(:com.google.android.gms:196)
02-08 13:05:57.125  5206  5569 E Auth    : 	at android.accounts.AbstractAccountAuthenticator$Transport.getAuthToken(AbstractAccountAuthenticator.java:244)
02-08 13:05:57.125  5206  5569 E Auth    : 	at android.accounts.IAccountAuthenticator$Stub.onTransact(IAccountAuthenticator.java:113)
02-08 13:05:57.125  5206  5569 E Auth    : 	at android.os.Binder.execTransact(Binder.java:565)
02-08 13:05:57.142  5206  5569 W Auth    : [GoogleAuthUtil] GoogleAuthUtil
02-08 13:05:57.142  5206  5569 W GLSActivity: 
02-08 13:05:57.142  5206  5569 W GLSActivity: dug: BadAuthentication
02-08 13:05:57.142  5206  5569 W GLSActivity: 	at dtn.a(:com.google.android.gms:1525)
02-08 13:05:57.142  5206  5569 W GLSActivity: 	at dtm.a(:com.google.android.gms:936)
02-08 13:05:57.142  5206  5569 W GLSActivity: 	at dtm.e(:com.google.android.gms:533)
02-08 13:05:57.142  5206  5569 W GLSActivity: 	at dtl.a(:com.google.android.gms:37)
02-08 13:05:57.142  5206  5569 W GLSActivity: 	at dvd.getAuthToken(:com.google.android.gms:196)
02-08 13:05:57.142  5206  5569 W GLSActivity: 	at android.accounts.AbstractAccountAuthenticator$Transport.getAuthToken(AbstractAccountAuthenticator.java:244)
02-08 13:05:57.142  5206  5569 W GLSActivity: 	at android.accounts.IAccountAuthenticator$Stub.onTransact(IAccountAuthenticator.java:113)
02-08 13:05:57.142  5206  5569 W GLSActivity: 	at android.os.Binder.execTransact(Binder.java:565)
02-08 13:05:57.148 30042 30042 I Finsky  : [1] com.google.android.finsky.d.c.a(313): Completed 1 account content syncs with 0 successful.
02-08 13:05:57.150 30042 30042 I Finsky  : [1] com.google.android.finsky.services.j.a(155): Installation state replication failed.
02-08 13:05:57.150 30042 30042 I Finsky  : [1] com.google.android.finsky.services.j.a(161): Scheduling replication attempt 2.
--------- beginning of system
02-08 13:05:57.156  1553  5340 I ActivityManager: Killing 29538:com.motorola.invisiblenet/u0a35 (adj 906): empty #13
02-08 13:05:57.168  1553  4458 D ActivityManager: cleanUpApplicationRecord -- 29538
02-08 13:05:57.180   557   557 I SFPerfTracer:      triggers: (rate: 316:9438) (compose: 2:66) (post: 0:0) (render: 0:95) (0:77744 frames) (1:86418)
02-08 13:05:57.181   557   557 D SFPerfTracer:        layers: (3:11) (StatusBar (0xa89c5c00): 0:18437) (NavigationBar (0xa8621000): 0:11456) (com.android.systemui.ImageWallpaper (0xa8622400): 0:10907)* (DimLayerController/Stack=0 (0xa89c3400): 0:772)* (Sprite (0xa860bc00): 0:6)* (animation background stackId=1 (0xa8624c00): 0:8)* (com.google.android.apps.photos/com.google.android.apps.photos.picker.external.ExternalPickerActivity (0xa8674400): 0:75)- (com.google.android.apps.photos/com.google.android.apps.photos.localmedia.ui.LocalPhotosActivity (0xa8623800): 0:70)- (com.google.android.apps.photos/com.google.android.apps.photos.picker.external.ExternalPickerActivity (0xa8674400): 0:36)- (com.google.android.apps.photos/com.google.android.apps.photos.picker.external.ExternalPickerActivity (0xa8673000): 0:23)- (com.tfml/com.tmfl.activity.ContractActivity (0xa8675800): 1:62) 
02-08 13:06:00.002  4385  4385 D KeyguardUpdateMonitor: received broadcast android.intent.action.TIME_TICK
02-08 13:06:00.003  4385  4385 D KeyguardUpdateMonitor: handleTimeUpdate
02-08 13:06:00.164   557   722 I SFPerfTracer:      triggers: (rate: 0:9) (112 sw vsyncs) (0 skipped) (3:143512 vsyncs) (5:156618)
02-08 13:06:01.564   645   645 I cnss-daemon: RTM_NEWNEIGH message received: 28
02-08 13:06:01.565   645   645 E cnss-daemon: Stale or unreachable neighbors, ndm state: 4
02-08 13:06:04.377  7563 29071 D Mono    : [0x8d000920] worker finishing
02-08 13:06:05.424  1553 12600 D DhcpClient: Received packet: a8:66:7f:01:b0:90 OFFER, ip /10.0.8.51, mask /255.255.252.0, DNS servers: /10.0.8.250 /10.0.11.188 , gateways [/10.0.10.1] lease time 43200, domain neosofttechwds.com
02-08 13:06:06.369  1553 12600 D DhcpClient: Received packet: a8:66:7f:01:b0:90 ACK: your new IP /10.0.8.51, netmask /255.255.252.0, gateways [/10.0.10.1] DNS servers: /10.0.8.250 /10.0.11.188 , lease time 43200
02-08 13:06:08.131  7563 29252 D Mono    : [0x8c57b920] worker finishing
02-08 13:06:08.495  1553 12600 D DhcpClient: Received packet: 88:79:7e:7d:37:74 OFFER, ip /10.0.8.68, mask /255.255.252.0, DNS servers: /10.0.8.250 /10.0.11.188 , gateways [/10.0.10.1] lease time 43200, domain neosofttechwds.com
02-08 13:06:08.495   645   645 I cnss-daemon: RTM_NEWROUTE Indication
02-08 13:06:08.496   645   645 E cnss-daemon: gateway mac address: 00:00:00:00:00:00
02-08 13:06:08.496   645   645 E cnss-daemon: Invalid mac address: 0xaf46be6cM
02-08 13:06:09.425  1553 12600 D DhcpClient: Received packet: a8:66:7f:01:b0:90 ACK: your new IP /10.0.8.51, netmask /255.255.252.0, gateways [/10.0.10.1] DNS servers: /10.0.8.250 /10.0.11.188 , lease time 43200
02-08 13:06:13.723  1553 12600 D DhcpClient: Received packet: a8:66:7f:01:b0:90 ACK: your new IP /10.0.8.51, netmask /255.255.252.0, gateways [/10.0.10.1] DNS servers: /10.0.8.250 /10.0.11.188 , lease time 43200
02-08 13:06:17.163 30042 30083 I Finsky  : [1817] com.google.android.finsky.d.e.run(1151): Replicating app states via AMAS.
02-08 13:06:17.424  5206  7750 E Auth    : [GoogleAccountDataServiceImpl] getToken() -> BAD_AUTHENTICATION. Account: <ELLIDED:-419824213>, App: com.android.vending, Service: androidsecure
02-08 13:06:17.424  5206  7750 E Auth    : dyp: Long live credential not available.
02-08 13:06:17.424  5206  7750 E Auth    : 	at dyq.b(:com.google.android.gms:3117)
02-08 13:06:17.424  5206  7750 E Auth    : 	at dyq.a(:com.google.android.gms:121)
02-08 13:06:17.424  5206  7750 E Auth    : 	at dww.a(:com.google.android.gms:451)
02-08 13:06:17.424  5206  7750 E Auth    : 	at dwv.a(:com.google.android.gms:31423)
02-08 13:06:17.424  5206  7750 E Auth    : 	at dwv.a(:com.google.android.gms:313)
02-08 13:06:17.424  5206  7750 E Auth    : 	at fcg.a(:com.google.android.gms:1200)
02-08 13:06:17.424  5206  7750 E Auth    : 	at fcf.a(:com.google.android.gms:569)
02-08 13:06:17.424  5206  7750 E Auth    : 	at fcf.a(:com.google.android.gms:195)
02-08 13:06:17.424  5206  7750 E Auth    : 	at dte.a(:com.google.android.gms:383)
02-08 13:06:17.424  5206  7750 E Auth    : 	at dte.a(:com.google.android.gms:232)
02-08 13:06:17.424  5206  7750 E Auth    : 	at dtn.a(:com.google.android.gms:1508)
02-08 13:06:17.424  5206  7750 E Auth    : 	at dtm.a(:com.google.android.gms:936)
02-08 13:06:17.424  5206  7750 E Auth    : 	at dtm.e(:com.google.android.gms:533)
02-08 13:06:17.424  5206  7750 E Auth    : 	at dtl.a(:com.google.android.gms:37)
02-08 13:06:17.424  5206  7750 E Auth    : 	at dvd.getAuthToken(:com.google.android.gms:196)
02-08 13:06:17.424  5206  7750 E Auth    : 	at android.accounts.AbstractAccountAuthenticator$Transport.getAuthToken(AbstractAccountAuthenticator.java:244)
02-08 13:06:17.424  5206  7750 E Auth    : 	at android.accounts.IAccountAuthenticator$Stub.onTransact(IAccountAuthenticator.java:113)
02-08 13:06:17.424  5206  7750 E Auth    : 	at android.os.Binder.execTransact(Binder.java:565)
02-08 13:06:17.442  5206  7750 W Auth    : [GoogleAuthUtil] GoogleAuthUtil
02-08 13:06:17.443  5206  7750 W GLSActivity: 
02-08 13:06:17.443  5206  7750 W GLSActivity: dug: BadAuthentication
02-08 13:06:17.443  5206  7750 W GLSActivity: 	at dtn.a(:com.google.android.gms:1525)
02-08 13:06:17.443  5206  7750 W GLSActivity: 	at dtm.a(:com.google.android.gms:936)
02-08 13:06:17.443  5206  7750 W GLSActivity: 	at dtm.e(:com.google.android.gms:533)
02-08 13:06:17.443  5206  7750 W GLSActivity: 	at dtl.a(:com.google.android.gms:37)
02-08 13:06:17.443  5206  7750 W GLSActivity: 	at dvd.getAuthToken(:com.google.android.gms:196)
02-08 13:06:17.443  5206  7750 W GLSActivity: 	at android.accounts.AbstractAccountAuthenticator$Transport.getAuthToken(AbstractAccountAuthenticator.java:244)
02-08 13:06:17.443  5206  7750 W GLSActivity: 	at android.accounts.IAccountAuthenticator$Stub.onTransact(IAccountAuthenticator.java:113)
02-08 13:06:17.443  5206  7750 W GLSActivity: 	at android.os.Binder.execTransact(Binder.java:565)
02-08 13:06:17.449 30042 30042 I Finsky  : [1] com.google.android.finsky.d.c.a(313): Completed 1 account content syncs with 0 successful.
02-08 13:06:17.452 30042 30042 I Finsky  : [1] com.google.android.finsky.services.j.a(155): Installation state replication failed.
02-08 13:06:17.453 30042 30042 I Finsky  : [1] com.google.android.finsky.services.j.a(161): Scheduling replication attempt 3.
02-08 13:06:17.517  1553 12767 I ActivityManager: Killing 29448:com.motorola.motodisplay/u0a44 (adj 906): empty #13
02-08 13:06:17.569  1553  5306 D ActivityManager: cleanUpApplicationRecord -- 29448
02-08 13:06:21.031 12798 12798 I GrammarCompilationSvcCt: #startService for null, APP_NAMES.
02-08 13:06:21.038 12798 30770 I ContextCompilationHandl: Compiling grammar for: en-US, type=APP_NAMES
02-08 13:06:21.095 11673 14332 I Icing   : Query from com.google.android.googlequicksearchbox package restrict com.google.android.gms start 0 num 1000
02-08 13:06:21.119 11673 30773 W IcingInternalCorpora: getNumBytesRead when not calculated.
02-08 13:06:21.119 11673 14447 I Icing   : Usage reports 0 indexed 0 rejected 0 imm upload true
02-08 13:06:21.120  1553  4317 D BatteryService: uevent={POWER_SUPPLY_TEMP=342, POWER_SUPPLY_STATUS=Charging, POWER_SUPPLY_CAPACITY=21, ACTION=change, DEVPATH=/devices/soc.0/qpnp-smbcharger-17/power_supply/battery, POWER_SUPPLY_AGE=100, POWER_SUPPLY_VOLTAGE_MAX=4350, SUBSYSTEM=power_supply, POWER_SUPPLY_NUM_SYSTEM_TEMP_LEVELS=8, POWER_SUPPLY_VOLTAGE_MAX_DESIGN=4350000, POWER_SUPPLY_INPUT_CURRENT_MAX=1500000, POWER_SUPPLY_CHARGE_FULL=3029000, POWER_SUPPLY_NAME=battery, POWER_SUPPLY_FLASH_CURRENT_MAX=1616880, POWER_SUPPLY_HEALTH=Good, POWER_SUPPLY_CYCLE_COUNT=0, POWER_SUPPLY_TECHNOLOGY=Li-ion, POWER_SUPPLY_CHARGE_TYPE=Fast, POWER_SUPPLY_PRESENT=1, POWER_SUPPLY_CONSTANT_CHARGE_CURRENT_MAX=2500000, POWER_SUPPLY_TEMP_HOTSPOT=0, POWER_SUPPLY_INPUT_CURRENT_SETTLED=0, POWER_SUPPLY_SAFETY_TIMER_ENABLED=0, POWER_SUPPLY_FLASH_ACTIVE=0, POWER_SUPPLY_VOLTAGE_NOW=3805977, SEQNUM=10425, POWER_SUPPLY_CHARGE_FULL_DESIGN=3029000, POWER_SUPPLY_CURRENT_NOW=-274198, POWER_SUPPLY_SYSTEM_TEMP_LEVEL=0, POWER_SUPPLY_CHARGE_COUNTER=957402, POWER_SUPPLY_CHARGE_RATE=Normal, POWER_SUPPLY_CHARGING_ENABLED=1, POWER_SUPPLY_BATTERY_CHARGING_ENABLED=1}
02-08 13:06:21.122  1553  5342 D BatteryService: mLastPlugType/mPlugType:2/2
02-08 13:06:21.122  1553  5342 D BatteryService: set mLastPlugType to 2
02-08 13:06:21.123  4385  4385 D KeyguardUpdateMonitor: received broadcast android.intent.action.BATTERY_CHANGED
02-08 13:06:21.124  4604  4604 D VideoCall_LowBattery: BatteryIntent received: android.intent.action.BATTERY_CHANGED
02-08 13:06:21.125  5268  5384 W QCNEJ   : |CORE| CNE received unexpected action: android.intent.action.BATTERY_CHANGED
02-08 13:06:21.128  4385  4385 D KeyguardUpdateMonitor: handleBatteryUpdate
02-08 13:06:21.128  4604  4604 E QtiImsExtUtils: getConfigForPhoneId subId is invalid
02-08 13:06:21.128  4604  4604 E QtiImsExtUtils: isCarrierConfigEnabled bundle is null
02-08 13:06:21.129  4604  4604 D VideoCall_LowBattery:  allowVideoCallsInLowBattery: false isCarrierOneSupported: false mIsLowbattery: false
02-08 13:06:21.136 11673 14447 I Icing   : Usage reports 0 indexed 0 rejected 0 imm upload true
02-08 13:06:21.231 12798 30770 I ContextCompilationHandl: Recognition context unchanged for APP_NAMES en-US
02-08 13:06:24.163  1553 12600 D DhcpClient: Received packet: a8:66:7f:01:b0:90 ACK: your new IP /10.0.8.51, netmask /255.255.252.0, gateways [/10.0.10.1] DNS servers: /10.0.8.250 /10.0.11.188 , lease time 43200
02-08 13:06:25.083  1553 12600 D DhcpClient: Received packet: a8:66:7f:01:b0:90 ACK: your new IP /10.0.8.51, netmask /255.255.252.0, gateways [/10.0.10.1] DNS servers: /10.0.8.250 /10.0.11.188 , lease time 43200
02-08 13:06:27.229  1553 12600 D DhcpClient: Received packet: a8:66:7f:01:b0:90 ACK: your new IP /10.0.8.51, netmask /255.255.252.0, gateways [/10.0.10.1] DNS servers: /10.0.8.250 /10.0.11.188 , lease time 43200
02-08 13:06:31.241  1553 12600 D DhcpClient: Received packet: a8:66:7f:01:b0:90 ACK: your new IP /10.0.8.51, netmask /255.255.252.0, gateways [/10.0.10.1] DNS servers: /10.0.8.250 /10.0.11.188 , lease time 43200
02-08 13:06:32.070   645   645 I cnss-daemon: RTM_NEWNEIGH message received: 28
02-08 13:06:32.071   645   645 E cnss-daemon: Stale or unreachable neighbors, ndm state: 16
02-08 13:06:35.535  1553 12600 D DhcpClient: Received packet: 00:6d:52:65:7a:ea ACK: your new IP /10.0.8.76, netmask /255.255.252.0, gateways [/10.0.10.1] DNS servers: /10.0.8.250 /10.0.11.188 , lease time 43200
02-08 13:06:37.464 30042 30083 I Finsky  : [1817] com.google.android.finsky.d.e.run(1151): Replicating app states via AMAS.
02-08 13:06:37.746  5206  5713 E Auth    : [GoogleAccountDataServiceImpl] getToken() -> BAD_AUTHENTICATION. Account: <ELLIDED:-419824213>, App: com.android.vending, Service: androidsecure
02-08 13:06:37.746  5206  5713 E Auth    : dyp: Long live credential not available.
02-08 13:06:37.746  5206  5713 E Auth    : 	at dyq.b(:com.google.android.gms:3117)
02-08 13:06:37.746  5206  5713 E Auth    : 	at dyq.a(:com.google.android.gms:121)
02-08 13:06:37.746  5206  5713 E Auth    : 	at dww.a(:com.google.android.gms:451)
02-08 13:06:37.746  5206  5713 E Auth    : 	at dwv.a(:com.google.android.gms:31423)
02-08 13:06:37.746  5206  5713 E Auth    : 	at dwv.a(:com.google.android.gms:313)
02-08 13:06:37.746  5206  5713 E Auth    : 	at fcg.a(:com.google.android.gms:1200)
02-08 13:06:37.746  5206  5713 E Auth    : 	at fcf.a(:com.google.android.gms:569)
02-08 13:06:37.746  5206  5713 E Auth    : 	at fcf.a(:com.google.android.gms:195)
02-08 13:06:37.746  5206  5713 E Auth    : 	at dte.a(:com.google.android.gms:383)
02-08 13:06:37.746  5206  5713 E Auth    : 	at dte.a(:com.google.android.gms:232)
02-08 13:06:37.746  5206  5713 E Auth    : 	at dtn.a(:com.google.android.gms:1508)
02-08 13:06:37.746  5206  5713 E Auth    : 	at dtm.a(:com.google.android.gms:936)
02-08 13:06:37.746  5206  5713 E Auth    : 	at dtm.e(:com.google.android.gms:533)
02-08 13:06:37.746  5206  5713 E Auth    : 	at dtl.a(:com.google.android.gms:37)
02-08 13:06:37.746  5206  5713 E Auth    : 	at dvd.getAuthToken(:com.google.android.gms:196)
02-08 13:06:37.746  5206  5713 E Auth    : 	at android.accounts.AbstractAccountAuthenticator$Transport.getAuthToken(AbstractAccountAuthenticator.java:244)
02-08 13:06:37.746  5206  5713 E Auth    : 	at android.accounts.IAccountAuthenticator$Stub.onTransact(IAccountAuthenticator.java:113)
02-08 13:06:37.746  5206  5713 E Auth    : 	at android.os.Binder.execTransact(Binder.java:565)
02-08 13:06:37.767  5206  5713 W Auth    : [GoogleAuthUtil] GoogleAuthUtil
02-08 13:06:37.768  5206  5713 W GLSActivity: 
02-08 13:06:37.768  5206  5713 W GLSActivity: dug: BadAuthentication
02-08 13:06:37.768  5206  5713 W GLSActivity: 	at dtn.a(:com.google.android.gms:1525)
02-08 13:06:37.768  5206  5713 W GLSActivity: 	at dtm.a(:com.google.android.gms:936)
02-08 13:06:37.768  5206  5713 W GLSActivity: 	at dtm.e(:com.google.android.gms:533)
02-08 13:06:37.768  5206  5713 W GLSActivity: 	at dtl.a(:com.google.android.gms:37)
02-08 13:06:37.768  5206  5713 W GLSActivity: 	at dvd.getAuthToken(:com.google.android.gms:196)
02-08 13:06:37.768  5206  5713 W GLSActivity: 	at android.accounts.AbstractAccountAuthenticator$Transport.getAuthToken(AbstractAccountAuthenticator.java:244)
02-08 13:06:37.768  5206  5713 W GLSActivity: 	at android.accounts.IAccountAuthenticator$Stub.onTransact(IAccountAuthenticator.java:113)
02-08 13:06:37.768  5206  5713 W GLSActivity: 	at android.os.Binder.execTransact(Binder.java:565)
02-08 13:06:37.778 30042 30042 I Finsky  : [1] com.google.android.finsky.d.c.a(313): Completed 1 account content syncs with 0 successful.
02-08 13:06:37.780 30042 30042 I Finsky  : [1] com.google.android.finsky.services.j.a(155): Installation state replication failed.
02-08 13:06:37.780 30042 30042 I Finsky  : [1] com.google.android.finsky.services.j.a(161): Scheduling replication attempt 4.
02-08 13:06:37.851  5206  5226 I art     : Background partial concurrent mark sweep GC freed 155314(7MB) AllocSpace objects, 43(1024KB) LOS objects, 40% free, 13MB/22MB, paused 1.291ms total 101.751ms
02-08 13:06:37.852  1553  1562 I art     : Background partial concurrent mark sweep GC freed 111440(8MB) AllocSpace objects, 34(1680KB) LOS objects, 33% free, 23MB/34MB, paused 1.936ms total 151.774ms
02-08 13:06:39.292   557   557 I SFPerfTracer:      triggers: (rate: 316:9438) (compose: 2:66) (post: 0:0) (render: 0:95) (0:77747 frames) (1:86518)
02-08 13:06:39.292   557   557 D SFPerfTracer:        layers: (3:7) (StatusBar (0xa89c5c00): 0:18453) (NavigationBar (0xa8621000): 0:11456) (com.android.systemui.ImageWallpaper (0xa8622400): 0:10907)* (DimLayerController/Stack=0 (0xa89c3400): 0:772)* (Sprite (0xa860bc00): 0:6)* (animation background stackId=1 (0xa8624c00): 0:8)* (com.tfml/com.tmfl.activity.ContractActivity (0xa8675800): 1:146) 
02-08 13:06:41.323  7563 31066 D Mono    : [0x8d000920] worker starting
02-08 13:06:41.323  7563 31067 D Mono    : [0x8ccfa920] worker starting
02-08 13:06:41.674  1553 12600 D DhcpClient: Received packet: a8:66:7f:01:b0:90 ACK: your new IP /10.0.8.51, netmask /255.255.252.0, gateways [/10.0.10.1] DNS servers: /10.0.8.250 /10.0.11.188 , lease time 43200
02-08 13:06:42.913  1553 12600 D DhcpClient: Received packet: a8:66:7f:01:b0:90 ACK: your new IP /10.0.8.51, netmask /255.255.252.0, gateways [/10.0.10.1] DNS servers: /10.0.8.250 /10.0.11.188 , lease time 43200
02-08 13:06:43.297   645   645 I cnss-daemon: RTM_NEWNEIGH message received: 28
02-08 13:06:43.297   645   645 E cnss-daemon: Stale or unreachable neighbors, ndm state: 4
02-08 13:06:45.274   557   722 I SFPerfTracer:      triggers: (rate: 0:9) (112 sw vsyncs) (0 skipped) (0:143512 vsyncs) (1:156719)
02-08 13:06:57.790 30042 30083 I Finsky  : [1817] com.google.android.finsky.d.e.run(1151): Replicating app states via AMAS.
02-08 13:06:58.080  5206  7750 E Auth    : [GoogleAccountDataServiceImpl] getToken() -> BAD_AUTHENTICATION. Account: <ELLIDED:-419824213>, App: com.android.vending, Service: androidsecure
02-08 13:06:58.080  5206  7750 E Auth    : dyp: Long live credential not available.
02-08 13:06:58.080  5206  7750 E Auth    : 	at dyq.b(:com.google.android.gms:3117)
02-08 13:06:58.080  5206  7750 E Auth    : 	at dyq.a(:com.google.android.gms:121)
02-08 13:06:58.080  5206  7750 E Auth    : 	at dww.a(:com.google.android.gms:451)
02-08 13:06:58.080  5206  7750 E Auth    : 	at dwv.a(:com.google.android.gms:31423)
02-08 13:06:58.080  5206  7750 E Auth    : 	at dwv.a(:com.google.android.gms:313)
02-08 13:06:58.080  5206  7750 E Auth    : 	at fcg.a(:com.google.android.gms:1200)
02-08 13:06:58.080  5206  7750 E Auth    : 	at fcf.a(:com.google.android.gms:569)
02-08 13:06:58.080  5206  7750 E Auth    : 	at fcf.a(:com.google.android.gms:195)
02-08 13:06:58.080  5206  7750 E Auth    : 	at dte.a(:com.google.android.gms:383)
02-08 13:06:58.080  5206  7750 E Auth    : 	at dte.a(:com.google.android.gms:232)
02-08 13:06:58.080  5206  7750 E Auth    : 	at dtn.a(:com.google.android.gms:1508)
02-08 13:06:58.080  5206  7750 E Auth    : 	at dtm.a(:com.google.android.gms:936)
02-08 13:06:58.080  5206  7750 E Auth    : 	at dtm.e(:com.google.android.gms:533)
02-08 13:06:58.080  5206  7750 E Auth    : 	at dtl.a(:com.google.android.gms:37)
02-08 13:06:58.080  5206  7750 E Auth    : 	at dvd.getAuthToken(:com.google.android.gms:196)
02-08 13:06:58.080  5206  7750 E Auth    : 	at android.accounts.AbstractAccountAuthenticator$Transport.getAuthToken(AbstractAccountAuthenticator.java:244)
02-08 13:06:58.080  5206  7750 E Auth    : 	at android.accounts.IAccountAuthenticator$Stub.onTransact(IAccountAuthenticator.java:113)
02-08 13:06:58.080  5206  7750 E Auth    : 	at android.os.Binder.execTransact(Binder.java:565)
02-08 13:06:58.097  5206  7750 W Auth    : [GoogleAuthUtil] GoogleAuthUtil
02-08 13:06:58.097  5206  7750 W GLSActivity: 
02-08 13:06:58.097  5206  7750 W GLSActivity: dug: BadAuthentication
02-08 13:06:58.097  5206  7750 W GLSActivity: 	at dtn.a(:com.google.android.gms:1525)
02-08 13:06:58.097  5206  7750 W GLSActivity: 	at dtm.a(:com.google.android.gms:936)
02-08 13:06:58.097  5206  7750 W GLSActivity: 	at dtm.e(:com.google.android.gms:533)
02-08 13:06:58.097  5206  7750 W GLSActivity: 	at dtl.a(:com.google.android.gms:37)
02-08 13:06:58.097  5206  7750 W GLSActivity: 	at dvd.getAuthToken(:com.google.android.gms:196)
02-08 13:06:58.097  5206  7750 W GLSActivity: 	at android.accounts.AbstractAccountAuthenticator$Transport.getAuthToken(AbstractAccountAuthenticator.java:244)
02-08 13:06:58.097  5206  7750 W GLSActivity: 	at android.accounts.IAccountAuthenticator$Stub.onTransact(IAccountAuthenticator.java:113)
02-08 13:06:58.097  5206  7750 W GLSActivity: 	at android.os.Binder.execTransact(Binder.java:565)
02-08 13:06:58.103 30042 30042 I Finsky  : [1] com.google.android.finsky.d.c.a(313): Completed 1 account content syncs with 0 successful.
02-08 13:06:58.105 30042 30042 I Finsky  : [1] com.google.android.finsky.services.j.a(155): Installation state replication failed.
02-08 13:06:58.105 30042 30042 I Finsky  : [1] com.google.android.finsky.services.j.a(161): Scheduling replication attempt 5.
02-08 13:07:00.002  4385  4385 D KeyguardUpdateMonitor: received broadcast android.intent.action.TIME_TICK
02-08 13:07:00.002  4385  4385 D KeyguardUpdateMonitor: handleTimeUpdate
02-08 13:07:18.113 30042 30083 I Finsky  : [1817] com.google.android.finsky.d.e.run(1151): Replicating app states via AMAS.
02-08 13:07:18.397  5206  5831 E Auth    : [GoogleAccountDataServiceImpl] getToken() -> BAD_AUTHENTICATION. Account: <ELLIDED:-419824213>, App: com.android.vending, Service: androidsecure
02-08 13:07:18.397  5206  5831 E Auth    : dyp: Long live credential not available.
02-08 13:07:18.397  5206  5831 E Auth    : 	at dyq.b(:com.google.android.gms:3117)
02-08 13:07:18.397  5206  5831 E Auth    : 	at dyq.a(:com.google.android.gms:121)
02-08 13:07:18.397  5206  5831 E Auth    : 	at dww.a(:com.google.android.gms:451)
02-08 13:07:18.397  5206  5831 E Auth    : 	at dwv.a(:com.google.android.gms:31423)
02-08 13:07:18.397  5206  5831 E Auth    : 	at dwv.a(:com.google.android.gms:313)
02-08 13:07:18.397  5206  5831 E Auth    : 	at fcg.a(:com.google.android.gms:1200)
02-08 13:07:18.397  5206  5831 E Auth    : 	at fcf.a(:com.google.android.gms:569)
02-08 13:07:18.397  5206  5831 E Auth    : 	at fcf.a(:com.google.android.gms:195)
02-08 13:07:18.397  5206  5831 E Auth    : 	at dte.a(:com.google.android.gms:383)
02-08 13:07:18.397  5206  5831 E Auth    : 	at dte.a(:com.google.android.gms:232)
02-08 13:07:18.397  5206  5831 E Auth    : 	at dtn.a(:com.google.android.gms:1508)
02-08 13:07:18.397  5206  5831 E Auth    : 	at dtm.a(:com.google.android.gms:936)
02-08 13:07:18.397  5206  5831 E Auth    : 	at dtm.e(:com.google.android.gms:533)
02-08 13:07:18.397  5206  5831 E Auth    : 	at dtl.a(:com.google.android.gms:37)
02-08 13:07:18.397  5206  5831 E Auth    : 	at dvd.getAuthToken(:com.google.android.gms:196)
02-08 13:07:18.397  5206  5831 E Auth    : 	at android.accounts.AbstractAccountAuthenticator$Transport.getAuthToken(AbstractAccountAuthenticator.java:244)
02-08 13:07:18.397  5206  5831 E Auth    : 	at android.accounts.IAccountAuthenticator$Stub.onTransact(IAccountAuthenticator.java:113)
02-08 13:07:18.397  5206  5831 E Auth    : 	at android.os.Binder.execTransact(Binder.java:565)
02-08 13:07:18.415  5206  5831 W Auth    : [GoogleAuthUtil] GoogleAuthUtil
02-08 13:07:18.416  5206  5831 W GLSActivity: 
02-08 13:07:18.416  5206  5831 W GLSActivity: dug: BadAuthentication
02-08 13:07:18.416  5206  5831 W GLSActivity: 	at dtn.a(:com.google.android.gms:1525)
02-08 13:07:18.416  5206  5831 W GLSActivity: 	at dtm.a(:com.google.android.gms:936)
02-08 13:07:18.416  5206  5831 W GLSActivity: 	at dtm.e(:com.google.android.gms:533)
02-08 13:07:18.416  5206  5831 W GLSActivity: 	at dtl.a(:com.google.android.gms:37)
02-08 13:07:18.416  5206  5831 W GLSActivity: 	at dvd.getAuthToken(:com.google.android.gms:196)
02-08 13:07:18.416  5206  5831 W GLSActivity: 	at android.accounts.AbstractAccountAuthenticator$Transport.getAuthToken(AbstractAccountAuthenticator.java:244)
02-08 13:07:18.416  5206  5831 W GLSActivity: 	at android.accounts.IAccountAuthenticator$Stub.onTransact(IAccountAuthenticator.java:113)
02-08 13:07:18.416  5206  5831 W GLSActivity: 	at android.os.Binder.execTransact(Binder.java:565)
02-08 13:07:18.421 30042 30042 I Finsky  : [1] com.google.android.finsky.d.c.a(313): Completed 1 account content syncs with 0 successful.
02-08 13:07:18.423 30042 30042 I Finsky  : [1] com.google.android.finsky.services.j.a(155): Installation state replication failed.
02-08 13:07:18.423 30042 30042 I Finsky  : [1] com.google.android.finsky.services.j.a(158): Giving up after 6 failures.
02-08 13:07:21.060  7563 31067 D Mono    : [0x8ccfa920] worker finishing
02-08 13:07:21.289  1553  4317 D BatteryService: uevent={POWER_SUPPLY_TEMP=342, POWER_SUPPLY_STATUS=Charging, POWER_SUPPLY_CAPACITY=22, ACTION=change, DEVPATH=/devices/soc.0/qpnp-smbcharger-17/power_supply/battery, POWER_SUPPLY_AGE=100, POWER_SUPPLY_VOLTAGE_MAX=4350, SUBSYSTEM=power_supply, POWER_SUPPLY_NUM_SYSTEM_TEMP_LEVELS=8, POWER_SUPPLY_VOLTAGE_MAX_DESIGN=4350000, POWER_SUPPLY_INPUT_CURRENT_MAX=1500000, POWER_SUPPLY_CHARGE_FULL=3029000, POWER_SUPPLY_NAME=battery, POWER_SUPPLY_FLASH_CURRENT_MAX=1858808, POWER_SUPPLY_HEALTH=Good, POWER_SUPPLY_CYCLE_COUNT=0, POWER_SUPPLY_TECHNOLOGY=Li-ion, POWER_SUPPLY_CHARGE_TYPE=Fast, POWER_SUPPLY_PRESENT=1, POWER_SUPPLY_CONSTANT_CHARGE_CURRENT_MAX=2500000, POWER_SUPPLY_TEMP_HOTSPOT=0, POWER_SUPPLY_INPUT_CURRENT_SETTLED=0, POWER_SUPPLY_SAFETY_TIMER_ENABLED=0, POWER_SUPPLY_FLASH_ACTIVE=0, POWER_SUPPLY_VOLTAGE_NOW=3809792, SEQNUM=10426, POWER_SUPPLY_CHARGE_FULL_DESIGN=3029000, POWER_SUPPLY_CURRENT_NOW=-284269, POWER_SUPPLY_SYSTEM_TEMP_LEVEL=0, POWER_SUPPLY_CHARGE_COUNTER=961670, POWER_SUPPLY_CHARGE_RATE=Normal, POWER_SUPPLY_CHARGING_ENABLED=1, POWER_SUPPLY_BATTERY_CHARGING_ENABLED=1}
02-08 13:07:21.292  1553  4458 D BatteryService: mLastPlugType/mPlugType:2/2
02-08 13:07:21.292  1553  4458 D BatteryService: set mLastPlugType to 2
02-08 13:07:21.293  4385  4385 D KeyguardUpdateMonitor: received broadcast android.intent.action.BATTERY_CHANGED
02-08 13:07:21.295  4604  4604 D VideoCall_LowBattery: BatteryIntent received: android.intent.action.BATTERY_CHANGED
02-08 13:07:21.295  5268  5384 W QCNEJ   : |CORE| CNE received unexpected action: android.intent.action.BATTERY_CHANGED
02-08 13:07:21.296  4385  4385 D KeyguardUpdateMonitor: handleBatteryUpdate
02-08 13:07:21.297  5676  5676 W Settings: Setting stay_on_while_plugged_in has moved from android.provider.Settings.System to android.provider.Settings.Global, returning read-only value.
02-08 13:07:21.299  4604  4604 E QtiImsExtUtils: getConfigForPhoneId subId is invalid
02-08 13:07:21.299  4604  4604 E QtiImsExtUtils: isCarrierConfigEnabled bundle is null
02-08 13:07:21.300  4604  4604 D VideoCall_LowBattery:  allowVideoCallsInLowBattery: false isCarrierOneSupported: false mIsLowbattery: false
02-08 13:07:21.300  1553  1585 E BatteryStatsService: no controller energy info supplied
02-08 13:07:21.300  1553  1585 E BatteryStatsService: no controller energy info supplied
02-08 13:07:21.316  1553  1585 E KernelUidCpuTimeReader: Failed to read uid_cputime: /proc/uid_cputime/show_uid_stat (No such file or directory)
02-08 13:07:21.332  1553  1585 E BatteryStatsService: modem info is invalid: ModemActivityInfo{ mTimestamp=7774002 mSleepTimeMs=7302609 mIdleTimeMs=-7184283 mTxTimeMs[]=[0, 0, 0, 0, 0] mRxTimeMs=579 mEnergyUsed=0}
02-08 13:07:21.890   557   557 I SFPerfTracer:      triggers: (rate: 316:9440) (compose: 2:66) (post: 0:0) (render: 0:95) (1:77751 frames) (2:86618)
02-08 13:07:21.891   557   557 D SFPerfTracer:        layers: (3:7) (StatusBar (0xa89c5c00): 1:18468) (NavigationBar (0xa8621000): 0:11456) (com.android.systemui.ImageWallpaper (0xa8622400): 0:10907)* (DimLayerController/Stack=0 (0xa89c3400): 0:772)* (Sprite (0xa860bc00): 0:6)* (animation background stackId=1 (0xa8624c00): 0:8)* (com.tfml/com.tmfl.activity.ContractActivity (0xa8675800): 1:231) 
02-08 13:07:23.178 29669 29727 D NetworkSecurityConfig: No Network Security Config specified, using platform default
02-08 13:07:24.384  1553 12600 D DhcpClient: Received packet: a4:db:30:91:03:8f OFFER, ip /10.0.8.141, mask /255.255.252.0, DNS servers: /10.0.8.250 /10.0.11.188 , gateways [/10.0.10.1] lease time 43200, domain neosofttechwds.com
02-08 13:07:24.700  1553 12600 D DhcpClient: Received packet: a4:db:30:91:03:8f ACK: your new IP /10.0.8.141, netmask /255.255.252.0, gateways [/10.0.10.1] DNS servers: /10.0.8.250 /10.0.11.188 , lease time 43200
02-08 13:07:26.872   557   722 I SFPerfTracer:      triggers: (rate: 0:9) (112 sw vsyncs) (0 skipped) (0:143515 vsyncs) (1:156820)
02-08 13:07:28.379  1553 12600 D DhcpClient: Received packet: a4:db:30:91:03:8f ACK: your new IP /10.0.8.141, netmask /255.255.252.0, gateways [/10.0.10.1] DNS servers: /10.0.8.250 /10.0.11.188 , lease time 43200
02-08 13:07:34.428  1553  6643 I ActivityManager: Killing 29576:com.official.cards29/u0a266 (adj 906): empty #13
02-08 13:07:34.485  1553  5306 D ActivityManager: cleanUpApplicationRecord -- 29576
02-08 13:07:35.077  7563 31066 D Mono    : [0x8d000920] worker finishing
02-08 13:07:39.417   645   645 I cnss-daemon: RTM_NEWNEIGH message received: 28
02-08 13:07:39.417   645   645 I cnss-daemon: NDA_DST received: 10.0.10.1 ul: 17432586
02-08 13:07:39.417   645   645 I cnss-daemon: NDA_LLADDR received
02-08 13:07:41.913  1553 12600 D DhcpClient: Received packet: a4:db:30:91:03:8f ACK: your new IP /10.0.8.141, netmask /255.255.252.0, gateways [/10.0.10.1] DNS servers: /10.0.8.250 /10.0.11.188 , lease time 43200
02-08 13:07:43.121   645   645 I cnss-daemon: RTM_NEWROUTE Indication
02-08 13:07:43.121   645   645 E cnss-daemon: gateway mac address: 00:00:00:00:00:00
02-08 13:07:43.121   645   645 E cnss-daemon: Invalid mac address: 0xaf46be6cM
02-08 13:07:47.511   645   645 I cnss-daemon: RTM_NEWNEIGH message received: 28
02-08 13:07:47.511   645   645 E cnss-daemon: Stale or unreachable neighbors, ndm state: 4
02-08 13:07:48.653  1553 12600 D DhcpClient: Received packet: a4:db:30:91:03:8f ACK: your new IP /10.0.8.141, netmask /255.255.252.0, gateways [/10.0.10.1] DNS servers: /10.0.8.250 /10.0.11.188 , lease time 43200
02-08 13:07:48.655  1553 12600 D DhcpClient: Received packet: a4:db:30:91:03:8f ACK: your new IP /10.0.8.141, netmask /255.255.252.0, gateways [/10.0.10.1] DNS servers: /10.0.8.250 /10.0.11.188 , lease time 43200
02-08 13:07:56.371  1553  6643 I GnssLocationProvider: WakeLock acquired by sendMessage(3, 0, com.android.server.location.GnssLocationProvider$GpsRequest@53087a5)
02-08 13:07:56.372  1553  1580 I GnssLocationProvider: WakeLock released by handleMessage(3, 0, com.android.server.location.GnssLocationProvider$GpsRequest@53087a5)
02-08 13:07:56.377  1553  4545 V OSNPGlue_jni: Entering  : void onSetRequestJNI(izat_manager::IzatRequest *)
02-08 13:07:56.378  1553  6640 I MotoSensors: Sensorhub hal setDelay: 1 - 20
02-08 13:07:56.378  1553  6640 I MotoSensors: Sensorhub hal setdelay: 1 - 20
02-08 13:07:56.378  1553  6640 I MotoSensors: HubSensors::updateAccelRate 200
02-08 13:07:56.378  1553  6640 I MotoSensors: Sensorhub hal enable: 1 - 1
02-08 13:07:56.378  1553  6640 I MotoSensors: HubSensors::updateAccelRate 20
02-08 13:07:56.389  1553  4545 V OSNPGlue_jni: Entering  : void onSetRequestJNI(izat_manager::IzatRequest *)
02-08 13:07:56.408  1553  1565 D WifiService: acquireWifiLockLocked: WifiLock{NlpWifiLock type=2 uid=10028}
02-08 13:07:57.896  5206  6687 V ConnectivityManager: isActiveNetworkMetered() returns:false
02-08 13:07:57.898  1553  4545 E LocSvc_eng: E/Calling gnss_sv_status_cb
02-08 13:07:57.907  5206  6687 W ContentTaskController: Invalid task was provided to stopTracking.
02-08 13:07:58.038  5206  5713 E Auth    : [GoogleAccountDataServiceImpl] getToken() -> BAD_AUTHENTICATION. Account: <ELLIDED:-419824213>, App: com.google.android.gms, Service: oauth2:https://www.googleapis.com/auth/gcm
02-08 13:07:58.038  5206  5713 E Auth    : dyp: Long live credential not available.
02-08 13:07:58.038  5206  5713 E Auth    : 	at dyq.b(:com.google.android.gms:3117)
02-08 13:07:58.038  5206  5713 E Auth    : 	at dyq.a(:com.google.android.gms:121)
02-08 13:07:58.038  5206  5713 E Auth    : 	at dww.a(:com.google.android.gms:451)
02-08 13:07:58.038  5206  5713 E Auth    : 	at dwv.a(:com.google.android.gms:31423)
02-08 13:07:58.038  5206  5713 E Auth    : 	at dwv.a(:com.google.android.gms:313)
02-08 13:07:58.038  5206  5713 E Auth    : 	at fcg.a(:com.google.android.gms:1200)
02-08 13:07:58.038  5206  5713 E Auth    : 	at fcf.a(:com.google.android.gms:569)
02-08 13:07:58.038  5206  5713 E Auth    : 	at fcf.a(:com.google.android.gms:195)
02-08 13:07:58.038  5206  5713 E Auth    : 	at dte.a(:com.google.android.gms:383)
02-08 13:07:58.038  5206  5713 E Auth    : 	at dte.a(:com.google.android.gms:232)
02-08 13:07:58.038  5206  5713 E Auth    : 	at brh.onTransact(:com.google.android.gms:137)
02-08 13:07:58.038  5206  5713 E Auth    : 	at android.os.Binder.execTransact(Binder.java:565)
02-08 13:07:58.058 11673 32191 W Auth    : [GoogleAuthUtil] GoogleAuthUtil
02-08 13:07:58.059 11673 32191 I GCM-GMS : Failed to subscribe to group.
02-08 13:07:58.059 11673 32191 I GCM-GMS : dug: BadAuthentication
02-08 13:07:58.059 11673 32191 I GCM-GMS : 	at dtn.a(:com.google.android.gms:1525)
02-08 13:07:58.059 11673 32191 I GCM-GMS : 	at dtm.a(:com.google.android.gms:936)
02-08 13:07:58.059 11673 32191 I GCM-GMS : 	at dtm.e(:com.google.android.gms:533)
02-08 13:07:58.059 11673 32191 I GCM-GMS : 	at dtm.d(:com.google.android.gms:453)
02-08 13:07:58.059 11673 32191 I GCM-GMS : 	at dtm.b(:com.google.android.gms:444)
02-08 13:07:58.059 11673 32191 I GCM-GMS : 	at dtk.a(:com.google.android.gms:515)
02-08 13:07:58.059 11673 32191 I GCM-GMS : 	at qux.a(:com.google.android.gms:441)
02-08 13:07:58.059 11673 32191 I GCM-GMS : 	at qux.a(:com.google.android.gms:335)
02-08 13:07:58.059 11673 32191 I GCM-GMS : 	at qux.b(:com.google.android.gms:201)
02-08 13:07:58.059 11673 32191 I GCM-GMS : 	at com.google.android.gms.gcm.gmsproc.GcmInGmsTaskChimeraService.a(:com.google.android.gms:38)
02-08 13:07:58.059 11673 32191 I GCM-GMS : 	at qte.run(:com.google.android.gms:254)
02-08 13:07:58.059 11673 32191 I GCM-GMS : 	at java.util.concurrent.ThreadPoolExecutor.runWorker(ThreadPoolExecutor.java:1133)
02-08 13:07:58.059 11673 32191 I GCM-GMS : 	at java.util.concurrent.ThreadPoolExecutor$Worker.run(ThreadPoolExecutor.java:607)
02-08 13:07:58.059 11673 32191 I GCM-GMS : 	at java.lang.Thread.run(Thread.java:761)
02-08 13:07:58.064 11673 32191 I GCM-GMS : Groups upload failed
02-08 13:07:58.068  5206  6687 W ContentTaskController: Invalid newTask was provided to startTracking.
02-08 13:07:58.078  5206  6687 V ConnectivityManager: isActiveNetworkMetered() returns:false
02-08 13:07:58.897  1553  4545 E LocSvc_eng: E/Calling gnss_sv_status_cb
02-08 13:07:59.744   866   866 I MSM-irqbalance: Decided to move IRQ174 from CPU6 to CPU5
02-08 13:07:59.897  1553  4545 E LocSvc_eng: E/Calling gnss_sv_status_cb
02-08 13:08:00.003  4385  4385 D KeyguardUpdateMonitor: received broadcast android.intent.action.TIME_TICK
02-08 13:08:00.003  4385  4385 D KeyguardUpdateMonitor: handleTimeUpdate
02-08 13:08:00.898  1553  4545 E LocSvc_eng: E/Calling gnss_sv_status_cb
02-08 13:08:01.164  1553  5604 V OSNPGlue_jni: Entering  : void onJavaLocationChanged(JNIEnv *, jobject, jboolean, jlong, jboolean, jlong, jboolean, jdouble, jboolean, jdouble, jboolean, jfloat, jboolean, jdouble, jboolean, jfloat, jboolean, jfloat, jboolean, jint)
02-08 13:08:01.178  1553  5325 D WifiService: releaseWifiLockLocked: WifiLock{NlpWifiLock type=2 uid=10028}
02-08 13:08:01.191  5206  9025 W ctxmgr  : [ContextSpecificAclFactory]LocationConsent failed, ULR opt-in status is: false, account#1034834745#
02-08 13:08:01.191  5206  9025 W ctxmgr  : [AclManager]No 2 for (accnt=account#1034834745#, com.google.android.gms(10028):UserLocationProducer, vrsn=10084000, 0, 3pPkg = null ,  3pMdlId = null). Was: 2 for 1, account#1034834745#
02-08 13:08:01.204  5206  9025 W ctxmgr  : [ContextSpecificAclFactory]LocationConsent failed, ULR opt-in status is: false, account#943981164#
02-08 13:08:01.205  5206  9025 W ctxmgr  : [AclManager]No 2 for (accnt=account#943981164#, com.google.android.gms(10028):UserLocationProducer, vrsn=10084000, 0, 3pPkg = null ,  3pMdlId = null). Was: 2 for 1, account#943981164#
02-08 13:08:01.206  1553  6639 I GnssLocationProvider: WakeLock acquired by sendMessage(3, 0, com.android.server.location.GnssLocationProvider$GpsRequest@ad40cd)
02-08 13:08:01.208  1553  4545 V OSNPGlue_jni: Entering  : void onSetRequestJNI(izat_manager::IzatRequest *)
02-08 13:08:01.210  1553  1580 I GnssLocationProvider: WakeLock released by handleMessage(3, 0, com.android.server.location.GnssLocationProvider$GpsRequest@ad40cd)
02-08 13:08:01.214  1553  4458 I MotoSensors: Sensorhub hal enable: 1 - 0
02-08 13:08:01.231  1553  4545 W ContextImpl: Calling a method in the system process without a qualified user: android.app.ContextImpl.sendBroadcast:920 com.android.server.location.GnssLocationProvider.reportStatus:1977 <bottom of call stack> <bottom of call stack> <bottom of call stack> 
02-08 13:08:01.231  1553  4545 E ActivityManager: Sending non-protected broadcast com.motorola.location.instrumentation from system 1553:system/1000 pkg android
02-08 13:08:01.231  1553  4545 E ActivityManager: java.lang.Throwable
02-08 13:08:01.231  1553  4545 E ActivityManager: 	at com.android.server.am.ActivityManagerService.broadcastIntentLocked(ActivityManagerService.java:18179)
02-08 13:08:01.231  1553  4545 E ActivityManager: 	at com.android.server.am.ActivityManagerService.broadcastIntent(ActivityManagerService.java:18779)
02-08 13:08:01.231  1553  4545 E ActivityManager: 	at android.app.ContextImpl.sendBroadcast(ContextImpl.java:926)
02-08 13:08:01.231  1553  4545 E ActivityManager: 	at com.android.server.location.GnssLocationProvider.reportStatus(GnssLocationProvider.java:1977)
02-08 13:08:01.266  7563  7563 I mono-stdout: Request Model > {"DeviceId":205,"UserId":188,"DefaultMessage":"Help! I am in trouble.Naav Bell","MobileNumber":"919619972151","Latitude":"19.0253376","Longitude":"72.8448552","SMSToken":"799747","Accuracy":"50","Speed":0,"Bearing":"0","GSMSignalStrength":"-59","BetterLevel":"22%","FirstName":"Naav","LastName":"Bell","ProfilePicture":"","AppSessionId":"74C61F47-37C9-4436-853E-D4639915598B","Provider":"gps","DeviceName":"motorola Moto G (4)","Password":"","Email":"droidwala@gmail.com","UserType":2,"LastVerificationTime":0.0,"LocalDateTime":"2/8/2017 1:08:01 PM","IsHelpActive":false,"DevicePlatform":"GCM","SubscriptionId":"150","LocationUpdatedOn":"2017-02-06T14:16:18Z","IsHelpDisable":false,"IsAddtoAccountCheck":true,"DisplayName":"Naav Bell","EmergencyContactsList":[{"ContactId":301,"MobileNumber":"9770302645","FirstName":"Ravi","LastName":"","IsDefault":false,"DefaultHelpMessage":"Help! I am in trouble.Naav Bell","AddtoAccount":false,"DeviceId":205,"UserSubscriptionId":150,"DisplayName":"Ravi ","ID":301,"Id"
02-08 13:08:01.269  7563 32252 D Mono    : [0x8d000920] worker starting
02-08 13:08:01.270  7563 32253 D Mono    : [0x8c97f920] worker starting
02-08 13:08:01.590   557   557 I SFPerfTracer:      triggers: (rate: 316:9440) (compose: 2:66) (post: 0:0) (render: 0:95) (0:77754 frames) (1:86718)
02-08 13:08:01.591   557   557 D SFPerfTracer:        layers: (3:7) (StatusBar (0xa89c5c00): 0:18488) (NavigationBar (0xa8621000): 0:11456) (com.android.systemui.ImageWallpaper (0xa8622400): 0:10907)* (DimLayerController/Stack=0 (0xa89c3400): 0:772)* (Sprite (0xa860bc00): 0:6)* (animation background stackId=1 (0xa8624c00): 0:8)* (com.tfml/com.tmfl.activity.ContractActivity (0xa8675800): 1:311) 
02-08 13:08:04.743   866   866 I MSM-irqbalance: Decided to move IRQ177 from CPU6 to CPU5
02-08 13:08:06.274   629 32254 D libc    : dns request timeout: netid(103), id(0x55b1), server(10.0.8.250)
02-08 13:08:09.744   866   866 I MSM-irqbalance: Decided to move IRQ215 from CPU6 to CPU5
02-08 13:08:10.980   557   722 I SFPerfTracer:      triggers: (rate: 0:10) (112 sw vsyncs) (0 skipped) (838:144353 vsyncs) (840:157727)
02-08 13:08:12.899  1553  6640 I MotoSensors: Sensorhub hal setDelay: 1 - 20
02-08 13:08:12.899  1553  6640 I MotoSensors: Sensorhub hal setdelay: 1 - 20
02-08 13:08:12.899  1553  6640 I MotoSensors: HubSensors::updateAccelRate 200
02-08 13:08:12.899  1553  6640 I MotoSensors: Sensorhub hal enable: 1 - 1
02-08 13:08:12.899  1553  6640 I MotoSensors: HubSensors::updateAccelRate 20
02-08 13:08:12.907  1553  1566 D WifiService: acquireWifiLockLocked: WifiLock{NlpWifiLock type=2 uid=10028}
